AutoDock Vina v1.2.7
#################################################################
# If you used AutoDock Vina in your work, please cite:          #
#                                                               #
# J. Eberhardt, D. Santos-Martins, A. F. Tillack, and S. Forli  #
# AutoDock Vina 1.2.0: New Docking Methods, Expanded Force      #
# Field, and Python Bindings, J. Chem. Inf. Model. (2021)       #
# DOI 10.1021/acs.jcim.1c00203                                  #
#                                                               #
# O. Trott, A. J. Olson,                                        #
# AutoDock Vina: improving the speed and accuracy of docking    #
# with a new scoring function, efficient optimization and       #
# multithreading, J. Comp. Chem. (2010)                         #
# DOI 10.1002/jcc.21334                                         #
#                                                               #
# Please see https://github.com/ccsb-scripps/AutoDock-Vina for  #
# more information.                                             #
#################################################################

Scoring function : vina
Rigid receptor: C:\Users\jabreumiranda\Radioprotection_Pipeline_Project\09_Real_DNA_Docking\1bna_dna_clean.pdbqt
Ligand: C:\Users\jabreumiranda\Radioprotection_Pipeline_Project\09_Real_DNA_Docking\SMOL_00901_OPT_07.pdbqt
Grid center: X 14.7 Y 20.9 Z 8.8
Grid size  : X 24 Y 24 Z 28
Grid space : 0.375
Exhaustiveness: 8
CPU: 0
Verbosity: 1

Computing Vina grid ... done.
Performing docking (random seed: -1830184784) ... 
0%   10   20   30   40   50   60   70   80   90   100%
|----|----|----|----|----|----|----|----|----|----|
***************************************************

mode |   affinity | dist from best mode
     | (kcal/mol) | rmsd l.b.| rmsd u.b.
-----+------------+----------+----------
   1       -9.793          0          0
   2       -9.545      12.36      14.43
   3       -9.338      12.74      15.44
   4       -9.153      12.75      14.14
   5       -8.828      14.83      17.12
   6       -8.683       14.4       17.2
   7       -8.518       12.9       14.1
   8       -8.493      12.18      12.99
   9       -8.492      14.78      17.73

