AutoDock Vina v1.2.7
#################################################################
# If you used AutoDock Vina in your work, please cite:          #
#                                                               #
# J. Eberhardt, D. Santos-Martins, A. F. Tillack, and S. Forli  #
# AutoDock Vina 1.2.0: New Docking Methods, Expanded Force      #
# Field, and Python Bindings, J. Chem. Inf. Model. (2021)       #
# DOI 10.1021/acs.jcim.1c00203                                  #
#                                                               #
# O. Trott, A. J. Olson,                                        #
# AutoDock Vina: improving the speed and accuracy of docking    #
# with a new scoring function, efficient optimization and       #
# multithreading, J. Comp. Chem. (2010)                         #
# DOI 10.1002/jcc.21334                                         #
#                                                               #
# Please see https://github.com/ccsb-scripps/AutoDock-Vina for  #
# more information.                                             #
#################################################################

Scoring function : vina
Rigid receptor: C:\Users\jabreumiranda\Radioprotection_Pipeline_Project\09_Real_DNA_Docking\1bna_dna_clean.pdbqt
Ligand: C:\Users\jabreumiranda\Radioprotection_Pipeline_Project\09_Real_DNA_Docking\SMOL_00093_OPT_06.pdbqt
Grid center: X 14.7 Y 20.9 Z 8.8
Grid size  : X 24 Y 24 Z 28
Grid space : 0.375
Exhaustiveness: 8
CPU: 0
Verbosity: 1

Computing Vina grid ... done.
Performing docking (random seed: -1045697463) ... 
0%   10   20   30   40   50   60   70   80   90   100%
|----|----|----|----|----|----|----|----|----|----|
***************************************************

mode |   affinity | dist from best mode
     | (kcal/mol) | rmsd l.b.| rmsd u.b.
-----+------------+----------+----------
   1       -10.62          0          0
   2       -9.917      13.55      16.21
   3       -9.842      13.59       16.4
   4       -9.828      12.13      14.25
   5       -9.814      2.229      6.583
   6       -9.704      12.71      14.98
   7        -9.66      13.13      15.07
   8       -9.488      13.25      16.61
   9       -9.456      11.78      14.79

