AutoDock Vina v1.2.7
#################################################################
# If you used AutoDock Vina in your work, please cite:          #
#                                                               #
# J. Eberhardt, D. Santos-Martins, A. F. Tillack, and S. Forli  #
# AutoDock Vina 1.2.0: New Docking Methods, Expanded Force      #
# Field, and Python Bindings, J. Chem. Inf. Model. (2021)       #
# DOI 10.1021/acs.jcim.1c00203                                  #
#                                                               #
# O. Trott, A. J. Olson,                                        #
# AutoDock Vina: improving the speed and accuracy of docking    #
# with a new scoring function, efficient optimization and       #
# multithreading, J. Comp. Chem. (2010)                         #
# DOI 10.1002/jcc.21334                                         #
#                                                               #
# Please see https://github.com/ccsb-scripps/AutoDock-Vina for  #
# more information.                                             #
#################################################################

Scoring function : vina
Rigid receptor: C:\Users\jabreumiranda\Radioprotection_Pipeline_Project\09_Real_DNA_Docking\1bna_dna_clean.pdbqt
Ligand: C:\Users\jabreumiranda\Radioprotection_Pipeline_Project\09_Real_DNA_Docking\SMOL_00901_OPT_08.pdbqt
Grid center: X 14.7 Y 20.9 Z 8.8
Grid size  : X 24 Y 24 Z 28
Grid space : 0.375
Exhaustiveness: 8
CPU: 0
Verbosity: 1

Computing Vina grid ... done.
Performing docking (random seed: -668967829) ... 
0%   10   20   30   40   50   60   70   80   90   100%
|----|----|----|----|----|----|----|----|----|----|
***************************************************

mode |   affinity | dist from best mode
     | (kcal/mol) | rmsd l.b.| rmsd u.b.
-----+------------+----------+----------
   1       -10.81          0          0
   2       -10.53      3.991       7.49
   3       -10.24      6.074      12.68
   4       -9.999       2.36      4.658
   5       -9.966      3.752      10.07
   6       -9.952      1.527      2.059
   7       -9.853      7.277      12.05
   8       -9.765      5.167      9.189
   9        -9.15      2.626      9.453

