AutoDock Vina v1.2.7
#################################################################
# If you used AutoDock Vina in your work, please cite:          #
#                                                               #
# J. Eberhardt, D. Santos-Martins, A. F. Tillack, and S. Forli  #
# AutoDock Vina 1.2.0: New Docking Methods, Expanded Force      #
# Field, and Python Bindings, J. Chem. Inf. Model. (2021)       #
# DOI 10.1021/acs.jcim.1c00203                                  #
#                                                               #
# O. Trott, A. J. Olson,                                        #
# AutoDock Vina: improving the speed and accuracy of docking    #
# with a new scoring function, efficient optimization and       #
# multithreading, J. Comp. Chem. (2010)                         #
# DOI 10.1002/jcc.21334                                         #
#                                                               #
# Please see https://github.com/ccsb-scripps/AutoDock-Vina for  #
# more information.                                             #
#################################################################

Scoring function : vina
Rigid receptor: C:\Users\jabreumiranda\Radioprotection_Pipeline_Project\09_Real_DNA_Docking\1bna_dna_clean.pdbqt
Ligand: C:\Users\jabreumiranda\Radioprotection_Pipeline_Project\09_Real_DNA_Docking\SMOL_00310_OPT_02.pdbqt
Grid center: X 14.7 Y 20.9 Z 8.8
Grid size  : X 24 Y 24 Z 28
Grid space : 0.375
Exhaustiveness: 8
CPU: 0
Verbosity: 1

Computing Vina grid ... done.
Performing docking (random seed: 1665345386) ... 
0%   10   20   30   40   50   60   70   80   90   100%
|----|----|----|----|----|----|----|----|----|----|
***************************************************

mode |   affinity | dist from best mode
     | (kcal/mol) | rmsd l.b.| rmsd u.b.
-----+------------+----------+----------
   1       -10.37          0          0
   2        -10.2      3.306      4.099
   3       -10.05      2.893      12.89
   4       -9.918      2.432      12.69
   5       -9.827      4.281      6.679
   6       -9.462      5.487      10.89
   7       -9.442      3.664      5.198
   8        -9.44      6.763      9.161
   9       -9.287       7.49       13.9

